###############################################################################
#
# IAR ELF Linker V3.10.1.201 for STM8                     07/Dec/2017  00:06:22
# Copyright 2010-2017 IAR Systems AB.
#
#    Output file  =  D:\workspaceNew\AVTC_Slave\Project\Debug\Exe\slave.out
#    Map file     =  D:\workspaceNew\AVTC_Slave\Project\Debug\List\slave.map
#    Command line =  
#        -f C:\Users\HgN\AppData\Local\Temp\EW42B0.tmp
#        (D:\workspaceNew\AVTC_Slave\Project\Debug\Obj\button.o
#        D:\workspaceNew\AVTC_Slave\Project\Debug\Obj\ds18b20.o
#        D:\workspaceNew\AVTC_Slave\Project\Debug\Obj\eeprom.o
#        D:\workspaceNew\AVTC_Slave\Project\Debug\Obj\gpio.o
#        D:\workspaceNew\AVTC_Slave\Project\Debug\Obj\i2c.o
#        D:\workspaceNew\AVTC_Slave\Project\Debug\Obj\main.o
#        D:\workspaceNew\AVTC_Slave\Project\Debug\Obj\protocol.o
#        D:\workspaceNew\AVTC_Slave\Project\Debug\Obj\reg.o
#        D:\workspaceNew\AVTC_Slave\Project\Debug\Obj\stm8s_clk.o
#        D:\workspaceNew\AVTC_Slave\Project\Debug\Obj\stm8s_gpio.o
#        D:\workspaceNew\AVTC_Slave\Project\Debug\Obj\stm8s_i2c.o
#        D:\workspaceNew\AVTC_Slave\Project\Debug\Obj\stm8s_tim2.o
#        D:\workspaceNew\AVTC_Slave\Project\Debug\Obj\stm8s_tim4.o
#        D:\workspaceNew\AVTC_Slave\Project\Debug\Obj\stm8s_uart1.o
#        D:\workspaceNew\AVTC_Slave\Project\Debug\Obj\task.o
#        D:\workspaceNew\AVTC_Slave\Project\Debug\Obj\ticker.o
#        D:\workspaceNew\AVTC_Slave\Project\Debug\Obj\timer.o
#        D:\workspaceNew\AVTC_Slave\Project\Debug\Obj\uart.o --redirect
#        _Printf=_PrintfFullNoMb --redirect _Scanf=_ScanfFullNoMb -o
#        D:\workspaceNew\AVTC_Slave\Project\Debug\Exe\slave.out --map
#        D:\workspaceNew\AVTC_Slave\Project\Debug\List\slave.map --config
#        "C:\Program Files (x86)\IAR Systems\Embedded Workbench
#        8.0\stm8\config\lnkstm8s103f3.icf" --config_def _CSTACK_SIZE=0x100
#        --config_def _HEAP_SIZE=0x100 --entry __iar_program_start --debug_lib)
#
###############################################################################

*******************************************************************************
*** RUNTIME MODEL ATTRIBUTES
***

__Heap_Handler             = Basic
__SystemLibrary            = DLib
__code_model               = small
__core                     = stm8
__data_model               = medium
__dlib_file_descriptor     = 0
__dlib_full_locale_support = 0
__rt_version               = 4


*******************************************************************************
*** PLACEMENT SUMMARY
***

"A0":  place at start of [0x000000-0x0000ff] { rw section .vregs };
"A1":  place at end of [0x000000-0x0003ff] { block CSTACK };
"P2":  place in [from 0x000000 to 0x0003ff] {
          block HEAP, rw section __DLIB_PERTHREAD, rw section .far.bss,
          rw section .far.data, rw section .far.noinit,
          rw section .far_func.textrw, rw section .huge.bss,
          rw section .huge.data, rw section .huge.noinit,
          rw section .huge_func.textrw, rw section .iar.dynexit,
          rw section .near.bss, rw section .near.data, rw section .near.noinit,
          rw section .near_func.textrw };
"A2":  place at start of [0x008000-0x009fff] { block INTVEC };
"P3":  place in [from 0x008000 to 0x009fff] {
          ro section __DLIB_PERTHREAD_init, ro section .far.data_init,
          ro section .far_func.textrw_init, ro section .huge.data_init,
          ro section .huge_func.textrw_init, ro section .iar.init_table,
          ro section .init_array, ro section .near.data_init,
          ro section .near.rodata, ro section .near_func.text,
          ro section .near_func.textrw_init, ro section .tiny.data_init,
          ro section .tiny.rodata_init };
"P4":  place in [from 0x008000 to 0x009fff] {
          ro section .far.rodata, ro section .far_func.text };
"P5":  place in [from 0x008000 to 0x009fff] {
          ro section .huge.rodata, ro section .huge_func.text };
do not initialize {
   rw section .eeprom.noinit, rw section .far.noinit, rw section .huge.noinit,
   rw section .near.noinit, rw section .tiny.noinit, rw section .vregs };
initialize by copy {
   rw section .far.bss, rw section .far.data, rw section .far_func.textrw,
   rw section .huge.bss, rw section .huge.data, rw section .huge_func.textrw,
   rw section .iar.dynexit, rw section .near.bss, rw section .near.data,
   rw section .near_func.textrw, rw section .tiny.bss, rw section .tiny.data,
   ro section .tiny.rodata };

  Section            Kind      Address   Size  Object
  -------            ----      -------   ----  ------
"A0":                                    0x10
  .vregs             uninit   0x000000   0x10  vregs.o [4]
                            - 0x000010   0x10

"P2", part 1 of 2:                        0xd
  P2-1                        0x000010    0xd  <Init block>
    .near.data       inited   0x000010    0x8  button.o [1]
    .near.data       inited   0x000018    0x4  button.o [1]
    .near.data       inited   0x00001c    0x1  uart.o [1]
                            - 0x00001d    0xd

"P2", part 2 of 2:                       0xbe
  .near.bss          zero     0x00001d   0x80  uart.o [1]
  .near.bss          zero     0x00009d   0x20  reg.o [1]
  .near.bss          zero     0x0000bd    0x8  task.o [1]
  .near.bss          zero     0x0000c5    0x8  task.o [1]
  .near.bss          zero     0x0000cd    0x4  reg.o [1]
  .near.bss          zero     0x0000d1    0x4  ticker.o [1]
  .near.bss          zero     0x0000d5    0x4  xxmemxmalloc.o [4]
  .near.bss          zero     0x0000d9    0x1  reg.o [1]
  .near.bss          zero     0x0000da    0x1  uart.o [1]
                            - 0x0000db   0xbe

"A1":                                   0x100
  CSTACK                      0x000300  0x100  <Block>
    CSTACK           uninit   0x000300  0x100  <Block tail>
                            - 0x000400  0x100

"A2":                                    0x80
  INTVEC                      0x008000   0x80  <Block>
    .intvec          const    0x008000   0x80  interrupt.o [4]
                            - 0x008080   0x80

"P3-P5":                                0xe78
  .near_func.text    ro code  0x008080  0x226  stm8s_uart1.o [1]
  .near_func.text    ro code  0x0082a6  0x157  long.o [4]
  .near_func.text    ro code  0x0083fd  0x10e  stm8s_gpio.o [1]
  .near_func.text    ro code  0x00850b   0xf9  vreg_util.o [4]
  .near_func.text    ro code  0x008604   0xd3  xxmemxfree.o [4]
  .near_func.text    ro code  0x0086d7   0xcc  stm8s_uart1.o [1]
  .near_func.text    ro code  0x0087a3   0x8b  stm8s_clk.o [1]
  .near_func.text    ro code  0x00882e   0x83  reg.o [1]
  .near_func.text    ro code  0x0088b1   0x7b  stm8s_clk.o [1]
  .near.rodata       const    0x00892c   0x53  stm8s_uart1.o [1]
  .near_func.text    ro code  0x00897f   0x53  ds18b20.o [1]
  .near.rodata       const    0x0089d2   0x52  stm8s_gpio.o [1]
  .near.rodata       const    0x008a24   0x51  stm8s_clk.o [1]
  .near_func.text    ro code  0x008a75   0x4f  stm8s_clk.o [1]
  .near_func.text    ro code  0x008ac4   0x4c  ds18b20.o [1]
  .near_func.text    ro code  0x008b10   0x47  long_util.o [4]
  .near_func.text    ro code  0x008b57   0x3d  stm8s_clk.o [1]
  .near_func.text    ro code  0x008b94   0x3c  task.o [1]
  .near_func.text    ro code  0x008bd0   0x39  protocol.o [1]
  .near_func.text    ro code  0x008c09   0x34  uart.o [1]
  .near_func.text    ro code  0x008c3d   0x30  uart.o [1]
  .near_func.text    ro code  0x008c6d   0x2f  stm8s_clk.o [1]
  .near_func.text    ro code  0x008c9c   0x28  init_small.o [4]
  .near_func.text    ro code  0x008cc4   0x26  ds18b20.o [1]
  .near_func.text    ro code  0x008cea   0x25  button.o [1]
  .near_func.text    ro code  0x008d0f   0x25  ticker.o [1]
  .near_func.text    ro code  0x008d34   0x25  dc_util.o [4]
  .near_func.text    ro code  0x008d59   0x22  eeprom.o [1]
  .iar.init_table    const    0x008d7b   0x12  - Linker created -
  .near_func.text    ro code  0x008d8d   0x1e  init_small.o [4]
  .near_func.text    ro code  0x008dab   0x1d  gpio.o [1]
  .near_func.text    ro code  0x008dc8   0x17  gpio.o [1]
  .near_func.text    ro code  0x008ddf   0x17  gpio.o [1]
  .near_func.text    ro code  0x008df6   0x15  ds18b20.o [1]
  .near_func.text    ro code  0x008e0b   0x15  timer.o [1]
  .near_func.text    ro code  0x008e20   0x14  init.o [4]
  .near_func.text    ro code  0x008e34   0x14  __dbg_xxexit.o [3]
  .near_func.text    ro code  0x008e48   0x13  cstartup.o [4]
  .near_func.text    ro code  0x008e5b    0xd  ds18b20.o [1]
  .near_func.text    ro code  0x008e68    0xd  ds18b20.o [1]
  .near_func.text    ro code  0x008e75    0xd  short.o [4]
  Initializer bytes  const    0x008e82    0xd  <for P2-1>
  .near_func.text    ro code  0x008e8f    0xc  protocol.o [1]
  .near_func.text    ro code  0x008e9b    0xb  ds18b20.o [1]
  .near_func.text    ro code  0x008ea6    0xb  ds18b20.o [1]
  .near_func.text    ro code  0x008eb1    0xb  ticker.o [1]
  .near_func.text    ro code  0x008ebc    0x9  ds18b20.o [1]
  .near_func.text    ro code  0x008ec5    0x9  eeprom.o [1]
  .near_func.text    ro code  0x008ece    0x8  main.o [1]
  .near_func.text    ro code  0x008ed6    0x5  timer.o [1]
  .near_func.text    ro code  0x008edb    0x5  timer.o [1]
  .near_func.text    ro code  0x008ee0    0x5  cexit.o [4]
  .near.rodata       const    0x008ee5    0x4  stm8s_clk.o [1]
  .near_func.text    ro code  0x008ee9    0x3  interrupt.o [4]
  .near_func.text    ro code  0x008eec    0x3  low_level_init.o [4]
  .near_func.text    ro code  0x008eef    0x3  exit.o [4]
  .near_func.text    ro code  0x008ef2    0x3  unhandled_exception.o [4]
  .near_func.text    ro code  0x008ef5    0x2  main.o [1]
  .near_func.text    ro code  0x008ef7    0x1  __dbg_break.o [3]
                            - 0x008ef8  0xe78


*******************************************************************************
*** INIT TABLE
***

          Address   Size
          -------   ----
Zero (__iar_zero_init2)
    1 destination range, total size 0xbe:
          0x00001d  0xbe

Copy (__iar_copy_init2)
    1 source range, total size 0xd:
          0x008e82   0xd
    1 destination range, total size 0xd:
          0x000010   0xd



*******************************************************************************
*** MODULE SUMMARY
***

    Module                 ro code  ro data  rw data
    ------                 -------  -------  -------
D:\workspaceNew\AVTC_Slave\Project\Debug\Obj: [1]
    button.o                    37       12       12
    ds18b20.o                  275
    eeprom.o                    43
    gpio.o                      75
    main.o                      10
    protocol.o                  69
    reg.o                      131                37
    stm8s_clk.o                449       85
    stm8s_gpio.o               270       82
    stm8s_uart1.o              754       83
    task.o                      60                16
    ticker.o                    48                 4
    timer.o                     31
    uart.o                     100        1      130
    ------------------------------------------------
    Total:                   2 352      263      199

command line: [2]
    ------------------------------------------------
    Total:

dbgstm8smd.a: [3]
    __dbg_break.o                1
    __dbg_xxexit.o              20
    ------------------------------------------------
    Total:                      21

dlstm8smn.a: [4]
    cexit.o                      5
    cstartup.o                  19
    dc_util.o                   37
    exit.o                       3
    init.o                      20
    init_small.o                70
    interrupt.o                  3      128
    long.o                     343
    long_util.o                 71
    low_level_init.o             3
    short.o                     13
    unhandled_exception.o        3
    vreg_util.o                249
    vregs.o                                       16
    xxmemxfree.o               211
    xxmemxmalloc.o                                 4
    ------------------------------------------------
    Total:                   1 050      128       20

    Linker created                       18      256
----------------------------------------------------
    Grand Total:             3 423      409      475


*******************************************************************************
*** ENTRY LIST
***

Entry                    Address   Size  Type      Object
-----                    -------   ----  ----      ------
.iar.init_table$$Base   0x008d7b          --   Gb  - Linker created -
.iar.init_table$$Limit  0x008d8d          --   Gb  - Linker created -
?b0                     0x000000         Data  Gb  vregs.o [4]
?b1                     0x000001         Data  Gb  vregs.o [4]
?b10                    0x00000a         Data  Gb  vregs.o [4]
?b11                    0x00000b         Data  Gb  vregs.o [4]
?b12                    0x00000c         Data  Gb  vregs.o [4]
?b13                    0x00000d         Data  Gb  vregs.o [4]
?b14                    0x00000e         Data  Gb  vregs.o [4]
?b15                    0x00000f         Data  Gb  vregs.o [4]
?b2                     0x000002         Data  Gb  vregs.o [4]
?b3                     0x000003         Data  Gb  vregs.o [4]
?b4                     0x000004         Data  Gb  vregs.o [4]
?b5                     0x000005         Data  Gb  vregs.o [4]
?b6                     0x000006         Data  Gb  vregs.o [4]
?b7                     0x000007         Data  Gb  vregs.o [4]
?b8                     0x000008         Data  Gb  vregs.o [4]
?b9                     0x000009         Data  Gb  vregs.o [4]
?dc32_l0                0x008d34         Code  Gb  dc_util.o [4]
?dc32_l1                0x008d41         Code  Gb  dc_util.o [4]
?dc32_px                0x008d4e         Code  Gb  dc_util.o [4]
?dec32_0x_0x            0x0082be         Code  Gb  long.o [4]
?dec32_l0_l0            0x0082b9         Code  Gb  long.o [4]
?e0                     0x000001         Data  Gb  vregs.o [4]
?e1                     0x000005         Data  Gb  vregs.o [4]
?e2                     0x000009         Data  Gb  vregs.o [4]
?e3                     0x00000d         Data  Gb  vregs.o [4]
?epilogue_l2            0x0085a6         Code  Gb  vreg_util.o [4]
?epilogue_l2_l3         0x0085a3         Code  Gb  vreg_util.o [4]
?epilogue_l2_w6         0x0085aa         Code  Gb  vreg_util.o [4]
?epilogue_w4            0x0085b1         Code  Gb  vreg_util.o [4]
?inc32_0x_0x            0x0082ab         Code  Gb  long.o [4]
?inc32_l0_l0            0x0082a6         Code  Gb  long.o [4]
?l0                     0x000000         Data  Gb  vregs.o [4]
?l1                     0x000004         Data  Gb  vregs.o [4]
?l2                     0x000008         Data  Gb  vregs.o [4]
?l3                     0x00000c         Data  Gb  vregs.o [4]
?load32_0x_l0           0x008b49         Code  Gb  long_util.o [4]
?load32_asp_l0          0x008b3d         Code  Gb  long_util.o [4]
?load32_dbsp_l0         0x008b38         Code  Gb  long_util.o [4]
?load32_l0_0x           0x008b20         Code  Gb  long_util.o [4]
?load32_l0_asp          0x008b15         Code  Gb  long_util.o [4]
?load32_l0_dbsp         0x008b10         Code  Gb  long_util.o [4]
?load32_l0_xsp          0x008b17         Code  Gb  long_util.o [4]
?load32_l1_0x           0x008b2c         Code  Gb  long_util.o [4]
?load32_xsp_l0          0x008b3f         Code  Gb  long_util.o [4]
?mov_e0_e2              0x0085c6         Code  Gb  vreg_util.o [4]
?mov_e0_e3              0x0085d3         Code  Gb  vreg_util.o [4]
?mov_e1_e0              0x0085e0         Code  Gb  vreg_util.o [4]
?mov_e2_e0              0x0085ed         Code  Gb  vreg_util.o [4]
?mov_e3_e0              0x0085fa         Code  Gb  vreg_util.o [4]
?mov_l0_l2              0x0085c3         Code  Gb  vreg_util.o [4]
?mov_l0_l3              0x0085d0         Code  Gb  vreg_util.o [4]
?mov_l1_l0              0x0085dd         Code  Gb  vreg_util.o [4]
?mov_l2_l0              0x0085ea         Code  Gb  vreg_util.o [4]
?mov_l3_l0              0x0085f7         Code  Gb  vreg_util.o [4]
?mov_w1_w5              0x0085c9         Code  Gb  vreg_util.o [4]
?mov_w1_w7              0x0085d6         Code  Gb  vreg_util.o [4]
?mov_w2_w1              0x0085b5         Code  Gb  vreg_util.o [4]
?mov_w3_w1              0x0085e3         Code  Gb  vreg_util.o [4]
?mov_w5_w1              0x0085f0         Code  Gb  vreg_util.o [4]
?mov_w5_w4              0x0085bc         Code  Gb  vreg_util.o [4]
?mov_w7_w1              0x0085fd         Code  Gb  vreg_util.o [4]
?mul32_l0_l0_0x         0x0082f0         Code  Gb  long.o [4]
?mul32_l0_l0_dl         0x0082ed         Code  Gb  long.o [4]
?mul32_l0_l0_l1         0x0082f9         Code  Gb  long.o [4]
?pop_l0                 0x00856f         Code  Gb  vreg_util.o [4]
?pop_l1                 0x00857a         Code  Gb  vreg_util.o [4]
?pop_l2                 0x008585         Code  Gb  vreg_util.o [4]
?pop_l3                 0x008590         Code  Gb  vreg_util.o [4]
?pop_w4                 0x008528         Code  Gb  vreg_util.o [4]
?pop_w6                 0x00852f         Code  Gb  vreg_util.o [4]
?push_l0                0x00853e         Code  Gb  vreg_util.o [4]
?push_l1                0x008543         Code  Gb  vreg_util.o [4]
?push_l2                0x008548         Code  Gb  vreg_util.o [4]
?push_l3                0x00854d         Code  Gb  vreg_util.o [4]
?push_w4                0x00850b         Code  Gb  vreg_util.o [4]
?push_w6                0x008510         Code  Gb  vreg_util.o [4]
?sll16_x_x_a            0x008e75         Code  Gb  short.o [4]
?sll32_0x_0x_a          0x0083ef         Code  Gb  long.o [4]
?sll32_l0_l0_a          0x0083ec         Code  Gb  long.o [4]
?srl16_x_x_4            0x008e7d         Code  Gb  short.o [4]
?sub32_l0_l0_0x         0x0082d5         Code  Gb  long.o [4]
?sub32_l0_l0_l1         0x0082d2         Code  Gb  long.o [4]
?udiv32_l0_dl_l1        0x008377         Code  Gb  long.o [4]
?udiv32_l0_l0_dl        0x00837c         Code  Gb  long.o [4]
?udiv32_l0_l0_l1        0x00837f         Code  Gb  long.o [4]
?umod32_l1_l0_l1        0x00837f         Code  Gb  long.o [4]
?w0                     0x000000         Data  Gb  vregs.o [4]
?w1                     0x000002         Data  Gb  vregs.o [4]
?w2                     0x000004         Data  Gb  vregs.o [4]
?w3                     0x000006         Data  Gb  vregs.o [4]
?w4                     0x000008         Data  Gb  vregs.o [4]
?w5                     0x00000a         Data  Gb  vregs.o [4]
?w6                     0x00000c         Data  Gb  vregs.o [4]
?w7                     0x00000e         Data  Gb  vregs.o [4]
CLK_AdjustHSICalibrationValue
                        0x008a75   0x4f  Code  Gb  stm8s_clk.o [1]
CLK_GetClockFreq        0x0088b1   0x7b  Code  Gb  stm8s_clk.o [1]
CLK_HSICmd              0x008c6d   0x2f  Code  Gb  stm8s_clk.o [1]
CLK_HSIPrescalerConfig  0x008b57   0x3d  Code  Gb  stm8s_clk.o [1]
CLK_SYSCLKConfig        0x0087a3   0x8b  Code  Gb  stm8s_clk.o [1]
CSTACK$$Base            0x000300          --   Gb  - Linker created -
CSTACK$$Limit           0x000400          --   Gb  - Linker created -
GPIO_Init               0x0083fd  0x10e  Code  Gb  stm8s_gpio.o [1]
HSIDivFactor            0x008ee5    0x4  Data  Gb  stm8s_clk.o [1]
INTVEC$$Base            0x008000          --   Gb  - Linker created -
INTVEC$$Limit           0x008080          --   Gb  - Linker created -
REG_CONFIG              0x0000d9    0x1  Data  Gb  reg.o [1]
REG_RO                  0x0000cd    0x4  Data  Gb  reg.o [1]
REG_RW                  0x00009d   0x20  Data  Gb  reg.o [1]
Region$$Table$$Base     0x008d7b          --   Gb  - Linker created -
Region$$Table$$Limit    0x008d8d          --   Gb  - Linker created -
UART1_ITConfig          0x0086d7   0xcc  Code  Gb  stm8s_uart1.o [1]
UART1_Init              0x008080  0x226  Code  Gb  stm8s_uart1.o [1]
__DebugBreak            0x008ef7    0x1  Code  Gb  __dbg_break.o [3]
__exit                  0x008e34   0x14  Code  Gb  __dbg_xxexit.o [3]
__iar_copy_init2        0x008c9c         Code  Gb  init_small.o [4]
__iar_data_init2        0x008e20   0x14  Code  Gb  init.o [4]
__iar_program_start     0x008e48         Code  Gb  cstartup.o [4]
__iar_unhandled_exception
                        0x008ef2         Code  Gb  unhandled_exception.o [4]
__iar_zero_init2        0x008d8d         Code  Gb  init_small.o [4]
__intvec                0x008000         Data  Gb  interrupt.o [4]
__low_level_init        0x008eec    0x3  Code  Gb  low_level_init.o [4]
__near_Aldata           0x0000d5    0x4  Data  Gb  xxmemxmalloc.o [4]
_buttonPin              0x000018    0x4  Data  Gb  button.o [1]
_buttonPort             0x000010    0x8  Data  Gb  button.o [1]
_exit                   0x008ee0         Code  Gb  cexit.o [4]
_interrupt_15           0x008d0f         Code  Gb  ticker.o [1]
_interrupt_20           0x008c09         Code  Gb  uart.o [1]
_millis                 0x0000d1    0x4  Data  Gb  ticker.o [1]
assert_failed           0x008ef5    0x2  Code  Gb  main.o [1]
buttonInit              0x008cea   0x25  Code  Gb  button.o [1]
ds18b20DelayUs          0x008df6   0x15  Code  Gb  ds18b20.o [1]
ds18b20Init             0x00897f   0x53  Code  Gb  ds18b20.o [1]
ds18b20Read             0x008ebc    0x9  Code  Gb  ds18b20.o [1]
ds18b20Reset            0x008cc4   0x26  Code  Gb  ds18b20.o [1]
ds18b20SetInput         0x008e9b    0xb  Code  Gb  ds18b20.o [1]
ds18b20SetOutput        0x008e5b    0xd  Code  Gb  ds18b20.o [1]
ds18b20WriteByte        0x008ac4   0x4c  Code  Gb  ds18b20.o [1]
ds18b20WriteHigh        0x008e68    0xd  Code  Gb  ds18b20.o [1]
ds18b20WriteLow         0x008ea6    0xb  Code  Gb  ds18b20.o [1]
eepromInit              0x008ec5    0x9  Code  Gb  eeprom.o [1]
eepromRead              0x008d59   0x22  Code  Gb  eeprom.o [1]
exit                    0x008eef    0x3  Code  Gb  exit.o [4]
frameRx                 0x0000c5    0x8  Data  Gb  task.o [1]
frameTx                 0x0000bd    0x8  Data  Gb  task.o [1]
free                    0x008604   0xc9  Code  Gb  xxmemxfree.o [4]
gBufferUART             0x00001d   0x80  Data  Gb  uart.o [1]
gpioPinMode             0x008dab   0x1d  Code  Gb  gpio.o [1]
gpioReadPin             0x008ddf   0x17  Code  Gb  gpio.o [1]
gpioWritePin            0x008dc8   0x17  Code  Gb  gpio.o [1]
main                    0x008ece    0x8  Code  Gb  main.o [1]
pBufferUARTRead         0x0000da    0x1  Data  Gb  uart.o [1]
pBufferUARTWrite        0x00001c    0x1  Data  Gb  uart.o [1]
regInit                 0x00882e   0x83  Code  Gb  reg.o [1]
serialClearFrame        0x008bd0   0x39  Code  Gb  protocol.o [1]
serialInit              0x008e8f    0xc  Code  Gb  protocol.o [1]
taskInit                0x008b94   0x3c  Code  Gb  task.o [1]
tickerInit              0x008eb1    0xb  Code  Gb  ticker.o [1]
tickerIntHandler        0x008d0f   0x25  Code  Gb  ticker.o [1]
timer2Init              0x008e0b   0x15  Code  Gb  timer.o [1]
timer2IntEnable         0x008ed6    0x5  Code  Gb  timer.o [1]
timer2IntFlagClear      0x008edb    0x5  Code  Gb  timer.o [1]
uartInit                0x008c3d   0x30  Code  Gb  uart.o [1]
uartRxIntHandler        0x008c09   0x34  Code  Gb  uart.o [1]


[1] = D:\workspaceNew\AVTC_Slave\Project\Debug\Obj
[2] = command line
[3] = dbgstm8smd.a
[4] = dlstm8smn.a

  3 423 bytes of readonly  code memory
    409 bytes of readonly  data memory
    475 bytes of readwrite data memory

Errors: none
Warnings: none
