###############################################################################
#
# IAR ELF Linker V3.10.1.201 for STM8                     07/Dec/2017  20:14:51
# Copyright 2010-2017 IAR Systems AB.
#
#    Output file  =  
#        D:\workspaceNew\CRETA-AVTC\STM8\AVTC_Slave\Project\Debug\Exe\slave.out
#    Map file     =  
#        D:\workspaceNew\CRETA-AVTC\STM8\AVTC_Slave\Project\Debug\List\slave.map
#    Command line =  
#        -f C:\Users\HgN\AppData\Local\Temp\EW287C.tmp
#        (D:\workspaceNew\CRETA-AVTC\STM8\AVTC_Slave\Project\Debug\Obj\button.o
#        D:\workspaceNew\CRETA-AVTC\STM8\AVTC_Slave\Project\Debug\Obj\ds18b20.o
#        D:\workspaceNew\CRETA-AVTC\STM8\AVTC_Slave\Project\Debug\Obj\eeprom.o
#        D:\workspaceNew\CRETA-AVTC\STM8\AVTC_Slave\Project\Debug\Obj\gpio.o
#        D:\workspaceNew\CRETA-AVTC\STM8\AVTC_Slave\Project\Debug\Obj\i2c.o
#        D:\workspaceNew\CRETA-AVTC\STM8\AVTC_Slave\Project\Debug\Obj\main.o
#        D:\workspaceNew\CRETA-AVTC\STM8\AVTC_Slave\Project\Debug\Obj\protocol.o
#        D:\workspaceNew\CRETA-AVTC\STM8\AVTC_Slave\Project\Debug\Obj\reg.o
#        D:\workspaceNew\CRETA-AVTC\STM8\AVTC_Slave\Project\Debug\Obj\stm8s_clk.o
#        D:\workspaceNew\CRETA-AVTC\STM8\AVTC_Slave\Project\Debug\Obj\stm8s_gpio.o
#        D:\workspaceNew\CRETA-AVTC\STM8\AVTC_Slave\Project\Debug\Obj\stm8s_i2c.o
#        D:\workspaceNew\CRETA-AVTC\STM8\AVTC_Slave\Project\Debug\Obj\stm8s_tim2.o
#        D:\workspaceNew\CRETA-AVTC\STM8\AVTC_Slave\Project\Debug\Obj\stm8s_tim4.o
#        D:\workspaceNew\CRETA-AVTC\STM8\AVTC_Slave\Project\Debug\Obj\stm8s_uart1.o
#        D:\workspaceNew\CRETA-AVTC\STM8\AVTC_Slave\Project\Debug\Obj\task.o
#        D:\workspaceNew\CRETA-AVTC\STM8\AVTC_Slave\Project\Debug\Obj\ticker.o
#        D:\workspaceNew\CRETA-AVTC\STM8\AVTC_Slave\Project\Debug\Obj\timer.o
#        D:\workspaceNew\CRETA-AVTC\STM8\AVTC_Slave\Project\Debug\Obj\uart.o
#        --redirect _Printf=_PrintfFullNoMb --redirect _Scanf=_ScanfFullNoMb -o
#        D:\workspaceNew\CRETA-AVTC\STM8\AVTC_Slave\Project\Debug\Exe\slave.out
#        --map
#        D:\workspaceNew\CRETA-AVTC\STM8\AVTC_Slave\Project\Debug\List\slave.map
#        --config "C:\Program Files (x86)\IAR Systems\Embedded Workbench
#        8.0\stm8\config\lnkstm8s103f3.icf" --config_def _CSTACK_SIZE=0x100
#        --config_def _HEAP_SIZE=0x100 --entry __iar_program_start --debug_lib)
#
###############################################################################

*******************************************************************************
*** RUNTIME MODEL ATTRIBUTES
***

__Heap_Handler             = Basic
__SystemLibrary            = DLib
__code_model               = small
__core                     = stm8
__data_model               = medium
__dlib_file_descriptor     = 0
__dlib_full_locale_support = 0
__rt_version               = 4


*******************************************************************************
*** PLACEMENT SUMMARY
***

"A0":  place at start of [0x000000-0x0000ff] { rw section .vregs };
"A1":  place at end of [0x000000-0x0003ff] { block CSTACK };
"P2":  place in [from 0x000000 to 0x0003ff] {
          block HEAP, rw section __DLIB_PERTHREAD, rw section .far.bss,
          rw section .far.data, rw section .far.noinit,
          rw section .far_func.textrw, rw section .huge.bss,
          rw section .huge.data, rw section .huge.noinit,
          rw section .huge_func.textrw, rw section .iar.dynexit,
          rw section .near.bss, rw section .near.data, rw section .near.noinit,
          rw section .near_func.textrw };
"A2":  place at start of [0x008000-0x009fff] { block INTVEC };
"P3":  place in [from 0x008000 to 0x009fff] {
          ro section __DLIB_PERTHREAD_init, ro section .far.data_init,
          ro section .far_func.textrw_init, ro section .huge.data_init,
          ro section .huge_func.textrw_init, ro section .iar.init_table,
          ro section .init_array, ro section .near.data_init,
          ro section .near.rodata, ro section .near_func.text,
          ro section .near_func.textrw_init, ro section .tiny.data_init,
          ro section .tiny.rodata_init };
"P4":  place in [from 0x008000 to 0x009fff] {
          ro section .far.rodata, ro section .far_func.text };
"P5":  place in [from 0x008000 to 0x009fff] {
          ro section .huge.rodata, ro section .huge_func.text };
do not initialize {
   rw section .eeprom.noinit, rw section .far.noinit, rw section .huge.noinit,
   rw section .near.noinit, rw section .tiny.noinit, rw section .vregs };
initialize by copy {
   rw section .far.bss, rw section .far.data, rw section .far_func.textrw,
   rw section .huge.bss, rw section .huge.data, rw section .huge_func.textrw,
   rw section .iar.dynexit, rw section .near.bss, rw section .near.data,
   rw section .near_func.textrw, rw section .tiny.bss, rw section .tiny.data,
   ro section .tiny.rodata };

  Section            Kind      Address   Size  Object
  -------            ----      -------   ----  ------
"A0":                                    0x10
  .vregs             uninit   0x000000   0x10  vregs.o [4]
                            - 0x000010   0x10

"P2", part 1 of 2:                        0x1
  P2-1                        0x000010    0x1  <Init block>
    .near.data       inited   0x000010    0x1  uart.o [1]
                            - 0x000011    0x1

"P2", part 2 of 2:                       0x89
  .near.bss          zero     0x000011   0x80  uart.o [1]
  .near.bss          zero     0x000091    0x4  main.o [1]
  .near.bss          zero     0x000095    0x4  ticker.o [1]
  .near.bss          zero     0x000099    0x1  uart.o [1]
                            - 0x00009a   0x89

"A1":                                   0x100
  CSTACK                      0x000300  0x100  <Block>
    CSTACK           uninit   0x000300  0x100  <Block tail>
                            - 0x000400  0x100

"A2":                                    0x80
  INTVEC                      0x008000   0x80  <Block>
    .intvec          const    0x008000   0x80  interrupt.o [4]
                            - 0x008080   0x80

"P3-P5":                                0x574
  .near_func.text    ro code  0x008080  0x10e  stm8s_gpio.o [1]
  .near_func.text    ro code  0x00818e   0xcb  vreg_util.o [4]
  .near_func.text    ro code  0x008259   0x65  ds18b20.o [1]
  .near_func.text    ro code  0x0082be   0x49  ds18b20.o [1]
  .near.rodata       const    0x008307   0x46  stm8s_gpio.o [1]
  .near_func.text    ro code  0x00834d   0x38  ds18b20.o [1]
  .near_func.text    ro code  0x008385   0x38  ds18b20.o [1]
  .near_func.text    ro code  0x0083bd   0x34  uart.o [1]
  .near_func.text    ro code  0x0083f1   0x2e  ds18b20.o [1]
  .near_func.text    ro code  0x00841f   0x2c  long.o [4]
  .near_func.text    ro code  0x00844b   0x28  init_small.o [4]
  .near_func.text    ro code  0x008473   0x25  ticker.o [1]
  .near_func.text    ro code  0x008498   0x24  ds18b20.o [1]
  .near_func.text    ro code  0x0084bc   0x23  ds18b20.o [1]
  .iar.init_table    const    0x0084df   0x12  - Linker created -
  .near_func.text    ro code  0x0084f1   0x1e  float.o [4]
  .near_func.text    ro code  0x00850f   0x1e  init_small.o [4]
  .near_func.text    ro code  0x00852d   0x1d  gpio.o [1]
  .near_func.text    ro code  0x00854a   0x1b  ds18b20.o [1]
  .near_func.text    ro code  0x008565   0x1a  main.o [1]
  .near_func.text    ro code  0x00857f   0x1a  long_util.o [4]
  .near_func.text    ro code  0x008599   0x14  init.o [4]
  .near_func.text    ro code  0x0085ad   0x14  __dbg_xxexit.o [3]
  .near_func.text    ro code  0x0085c1   0x13  cstartup.o [4]
  .near_func.text    ro code  0x0085d4    0x6  ds18b20.o [1]
  .near_func.text    ro code  0x0085da    0x5  timer.o [1]
  .near_func.text    ro code  0x0085df    0x5  cexit.o [4]
  .near_func.text    ro code  0x0085e4    0x3  interrupt.o [4]
  .near_func.text    ro code  0x0085e7    0x3  low_level_init.o [4]
  .near_func.text    ro code  0x0085ea    0x3  exit.o [4]
  .near_func.text    ro code  0x0085ed    0x3  unhandled_exception.o [4]
  .near_func.text    ro code  0x0085f0    0x2  main.o [1]
  .near_func.text    ro code  0x0085f2    0x1  __dbg_break.o [3]
  Initializer bytes  const    0x0085f3    0x1  <for P2-1>
                            - 0x0085f4  0x574


*******************************************************************************
*** INIT TABLE
***

          Address   Size
          -------   ----
Zero (__iar_zero_init2)
    1 destination range, total size 0x89:
          0x000011  0x89

Copy (__iar_copy_init2)
    1 source range, total size 0x1:
          0x0085f3   0x1
    1 destination range, total size 0x1:
          0x000010   0x1



*******************************************************************************
*** MODULE SUMMARY
***

    Module                 ro code  ro data  rw data
    ------                 -------  -------  -------
D:\workspaceNew\CRETA-AVTC\STM8\AVTC_Slave\Project\Debug\Obj: [1]
    ds18b20.o                  436
    gpio.o                      29
    main.o                      28                 4
    stm8s_gpio.o               270       70
    ticker.o                    37                 4
    timer.o                      5
    uart.o                      52        1      130
    ------------------------------------------------
    Total:                     857       71      138

command line: [2]
    ------------------------------------------------
    Total:

dbgstm8smd.a: [3]
    __dbg_break.o                1
    __dbg_xxexit.o              20
    ------------------------------------------------
    Total:                      21

dlstm8smn.a: [4]
    cexit.o                      5
    cstartup.o                  19
    exit.o                       3
    float.o                     30
    init.o                      20
    init_small.o                70
    interrupt.o                  3      128
    long.o                      44
    long_util.o                 26
    low_level_init.o             3
    unhandled_exception.o        3
    vreg_util.o                203
    vregs.o                                       16
    ------------------------------------------------
    Total:                     429      128       16

    Linker created                       18      256
----------------------------------------------------
    Grand Total:             1 307      217      410


*******************************************************************************
*** ENTRY LIST
***

Entry                    Address   Size  Type      Object
-----                    -------   ----  ----      ------
.iar.init_table$$Base   0x0084df          --   Gb  - Linker created -
.iar.init_table$$Limit  0x0084f1          --   Gb  - Linker created -
?b0                     0x000000         Data  Gb  vregs.o [4]
?b1                     0x000001         Data  Gb  vregs.o [4]
?b10                    0x00000a         Data  Gb  vregs.o [4]
?b11                    0x00000b         Data  Gb  vregs.o [4]
?b12                    0x00000c         Data  Gb  vregs.o [4]
?b13                    0x00000d         Data  Gb  vregs.o [4]
?b14                    0x00000e         Data  Gb  vregs.o [4]
?b15                    0x00000f         Data  Gb  vregs.o [4]
?b2                     0x000002         Data  Gb  vregs.o [4]
?b3                     0x000003         Data  Gb  vregs.o [4]
?b4                     0x000004         Data  Gb  vregs.o [4]
?b5                     0x000005         Data  Gb  vregs.o [4]
?b6                     0x000006         Data  Gb  vregs.o [4]
?b7                     0x000007         Data  Gb  vregs.o [4]
?b8                     0x000008         Data  Gb  vregs.o [4]
?b9                     0x000009         Data  Gb  vregs.o [4]
?dec32_0x_0x            0x008437         Code  Gb  long.o [4]
?dec32_l0_l0            0x008432         Code  Gb  long.o [4]
?e0                     0x000001         Data  Gb  vregs.o [4]
?e1                     0x000005         Data  Gb  vregs.o [4]
?e2                     0x000009         Data  Gb  vregs.o [4]
?e3                     0x00000d         Data  Gb  vregs.o [4]
?epilogue_l2            0x008229         Code  Gb  vreg_util.o [4]
?epilogue_l2_l3         0x008226         Code  Gb  vreg_util.o [4]
?epilogue_l2_w6         0x00822d         Code  Gb  vreg_util.o [4]
?epilogue_w4            0x008234         Code  Gb  vreg_util.o [4]
?fcastf32u16_l0_x       0x0084f1         Code  Gb  float.o [4]
?inc32_0x_0x            0x008424         Code  Gb  long.o [4]
?inc32_l0_l0            0x00841f         Code  Gb  long.o [4]
?l0                     0x000000         Data  Gb  vregs.o [4]
?l1                     0x000004         Data  Gb  vregs.o [4]
?l2                     0x000008         Data  Gb  vregs.o [4]
?l3                     0x00000c         Data  Gb  vregs.o [4]
?load32_0x_l0           0x00858b         Code  Gb  long_util.o [4]
?load32_l0_0x           0x00857f         Code  Gb  long_util.o [4]
?mov_e0_e1              0x008242         Code  Gb  vreg_util.o [4]
?mov_e1_e0              0x00824f         Code  Gb  vreg_util.o [4]
?mov_l0_l1              0x00823f         Code  Gb  vreg_util.o [4]
?mov_l1_l0              0x00824c         Code  Gb  vreg_util.o [4]
?mov_w1_w3              0x008245         Code  Gb  vreg_util.o [4]
?mov_w3_w1              0x008252         Code  Gb  vreg_util.o [4]
?mov_w5_w4              0x008238         Code  Gb  vreg_util.o [4]
?pop_l0                 0x0081f2         Code  Gb  vreg_util.o [4]
?pop_l1                 0x0081fd         Code  Gb  vreg_util.o [4]
?pop_l2                 0x008208         Code  Gb  vreg_util.o [4]
?pop_l3                 0x008213         Code  Gb  vreg_util.o [4]
?pop_w4                 0x0081ab         Code  Gb  vreg_util.o [4]
?pop_w6                 0x0081b2         Code  Gb  vreg_util.o [4]
?push_l0                0x0081c1         Code  Gb  vreg_util.o [4]
?push_l1                0x0081c6         Code  Gb  vreg_util.o [4]
?push_l2                0x0081cb         Code  Gb  vreg_util.o [4]
?push_l3                0x0081d0         Code  Gb  vreg_util.o [4]
?push_w4                0x00818e         Code  Gb  vreg_util.o [4]
?push_w6                0x008193         Code  Gb  vreg_util.o [4]
?w0                     0x000000         Data  Gb  vregs.o [4]
?w1                     0x000002         Data  Gb  vregs.o [4]
?w2                     0x000004         Data  Gb  vregs.o [4]
?w3                     0x000006         Data  Gb  vregs.o [4]
?w4                     0x000008         Data  Gb  vregs.o [4]
?w5                     0x00000a         Data  Gb  vregs.o [4]
?w6                     0x00000c         Data  Gb  vregs.o [4]
?w7                     0x00000e         Data  Gb  vregs.o [4]
CSTACK$$Base            0x000300          --   Gb  - Linker created -
CSTACK$$Limit           0x000400          --   Gb  - Linker created -
GPIO_Init               0x008080  0x10e  Code  Gb  stm8s_gpio.o [1]
INTVEC$$Base            0x008000          --   Gb  - Linker created -
INTVEC$$Limit           0x008080          --   Gb  - Linker created -
Region$$Table$$Base     0x0084df          --   Gb  - Linker created -
Region$$Table$$Limit    0x0084f1          --   Gb  - Linker created -
__DebugBreak            0x0085f2    0x1  Code  Gb  __dbg_break.o [3]
__exit                  0x0085ad   0x14  Code  Gb  __dbg_xxexit.o [3]
__iar_copy_init2        0x00844b         Code  Gb  init_small.o [4]
__iar_data_init2        0x008599   0x14  Code  Gb  init.o [4]
__iar_program_start     0x0085c1         Code  Gb  cstartup.o [4]
__iar_unhandled_exception
                        0x0085ed         Code  Gb  unhandled_exception.o [4]
__iar_zero_init2        0x00850f         Code  Gb  init_small.o [4]
__intvec                0x008000         Data  Gb  interrupt.o [4]
__low_level_init        0x0085e7    0x3  Code  Gb  low_level_init.o [4]
_exit                   0x0085df         Code  Gb  cexit.o [4]
_interrupt_15           0x008473         Code  Gb  ticker.o [1]
_interrupt_20           0x0083bd         Code  Gb  uart.o [1]
_millis                 0x000095    0x4  Data  Gb  ticker.o [1]
assert_failed           0x0085f0    0x2  Code  Gb  main.o [1]
ds18b20Delay            0x00854a   0x1b  Code  Gb  ds18b20.o [1]
ds18b20Init             0x008259   0x65  Code  Gb  ds18b20.o [1]
ds18b20Read             0x0085d4    0x6  Code  Gb  ds18b20.o [1]
ds18b20ReadBit          0x0084bc   0x23  Code  Gb  ds18b20.o [1]
ds18b20ReadByte         0x008385   0x38  Code  Gb  ds18b20.o [1]
ds18b20ReadTemp         0x0082be   0x49  Code  Gb  ds18b20.o [1]
ds18b20Reset            0x00834d   0x38  Code  Gb  ds18b20.o [1]
ds18b20WriteBit         0x0083f1   0x2e  Code  Gb  ds18b20.o [1]
ds18b20WriteByte        0x008498   0x24  Code  Gb  ds18b20.o [1]
exit                    0x0085ea    0x3  Code  Gb  exit.o [4]
gBufferUART             0x000011   0x80  Data  Gb  uart.o [1]
gpioPinMode             0x00852d   0x1d  Code  Gb  gpio.o [1]
main                    0x008565   0x1a  Code  Gb  main.o [1]
pBufferUARTRead         0x000099    0x1  Data  Gb  uart.o [1]
pBufferUARTWrite        0x000010    0x1  Data  Gb  uart.o [1]
t                       0x000091    0x4  Data  Gb  main.o [1]
tickerIntHandler        0x008473   0x25  Code  Gb  ticker.o [1]
timer2IntFlagClear      0x0085da    0x5  Code  Gb  timer.o [1]
uartRxIntHandler        0x0083bd   0x34  Code  Gb  uart.o [1]


[1] = D:\workspaceNew\CRETA-AVTC\STM8\AVTC_Slave\Project\Debug\Obj
[2] = command line
[3] = dbgstm8smd.a
[4] = dlstm8smn.a

  1 307 bytes of readonly  code memory
    217 bytes of readonly  data memory
    410 bytes of readwrite data memory

Errors: none
Warnings: none
